// Jest Snapshot v1, https://goo.gl/fbAQLP

exports[`SearchResults renders correctly 1`] = `
<DocumentFragment>
  <span>
    <div
      id="p-SearchResults"
    >
      <p>
        Search Results:
      </p>
    </div>
    <div
      class="SearchResults"
      data-testid="resultTest"
    >
      <img
        alt="spaceImage"
        class="card-image"
        src="https://images-assets.nasa.gov/image/GSFC_20171208â€¦e_e001517/GSFC_20171208_Archive_e001517~thumb.jpg"
      />
      <img
        alt="spaceImage"
        class="card-image"
        src="https://images-assets.nasa.gov/image/PIA09322/PIA09322~thumb.jpg"
      />
    </div>
  </span>
</DocumentFragment>
`;
